// Jest Snapshot v1, https://goo.gl/fbAQLP

exports[`AppContainer renders correctly 1`] = `
<div>
  <Heading />
  <main>
    <Switch>
      <Route
        component={[Function]}
        exact={true}
        path="/"
      />
      <Route
        exact={true}
        path="/application"
        render={[Function]}
      />
      <Route
        component={[Function]}
        exact={true}
        path="/thankyou"
      />
      <Route
        component={[Function]}
        exact={true}
        path="/auth"
      />
      <Route
        component={[Function]}
      />
    </Switch>
  </main>
  <div
    className="footer"
  >
    <p>
      Dersom du opplever problemer eller finner feil, ta kontakt med 
      <a
        href="mailto:dotkom@online.ntnu.no"
      >
        dotkom@online.ntnu.no
      </a>
      .
    </p>
    <p>
      Får du ikke sendt inn søknaden, eller vil du heller bruke e-post? Send søknaden din til 
      <a
        href="mailto:opptak@online.ntnu.no"
      >
        opptak@online.ntnu.no
      </a>
      .
    </p>
  </div>
</div>
`;
