// Jest Snapshot v1, https://goo.gl/fbAQLP

exports[`AppContainer renders correctly 1`] = `
<div>
  <Heading />
  <main>
    <Switch>
      <Route
        component={[Function]}
        exact={true}
        path="/"
      />
      <Route
        exact={true}
        path="/application"
        render={[Function]}
      />
      <Route
        component={[Function]}
      />
    </Switch>
  </main>
</div>
`;
