// Jest Snapshot v1, https://goo.gl/fbAQLP

exports[`ConnectedRoutes renders mounted root route 1`] = `
<ServiceProvider
  serviceManager={
    ServiceManager {
      "aliases": Object {
        "auth": "auth.service",
      },
      "services": Object {
        "auth.service": AuthServiceMock {
          "getUserMock": [Function],
          "loginMock": [Function],
          "logoutMock": [Function],
          "onUserChangeMock": Object {
            "subscribe": [Function],
          },
        },
      },
    }
  }
>
  <StaticRouter
    basename=""
    context={Object {}}
    location="/"
  >
    <Router
      history={
        Object {
          "action": "POP",
          "block": [Function],
          "createHref": [Function],
          "go": [Function],
          "goBack": [Function],
          "goForward": [Function],
          "listen": [Function],
          "location": Object {
            "hash": "",
            "pathname": "/",
            "search": "",
          },
          "push": [Function],
          "replace": [Function],
        }
      }
    >
      <ConnectedServiceComponent>
        <Routes
          auth={
            AuthServiceMock {
              "getUserMock": [Function],
              "loginMock": [Function],
              "logoutMock": [Function],
              "onUserChangeMock": Object {
                "subscribe": [Function],
              },
            }
          }
        >
          <Switch>
            <Route
              computedMatch={
                Object {
                  "isExact": true,
                  "params": Object {},
                  "path": "/",
                  "url": "/",
                }
              }
              location={
                Object {
                  "hash": "",
                  "pathname": "/",
                  "search": "",
                }
              }
              path="/"
              render={[Function]}
            >
              <AppContainer
                history={
                  Object {
                    "action": "POP",
                    "block": [Function],
                    "createHref": [Function],
                    "go": [Function],
                    "goBack": [Function],
                    "goForward": [Function],
                    "listen": [Function],
                    "location": Object {
                      "hash": "",
                      "pathname": "/",
                      "search": "",
                    },
                    "push": [Function],
                    "replace": [Function],
                  }
                }
                location={
                  Object {
                    "hash": "",
                    "pathname": "/",
                    "search": "",
                  }
                }
                match={
                  Object {
                    "isExact": true,
                    "params": Object {},
                    "path": "/",
                    "url": "/",
                  }
                }
                staticContext={Object {}}
                user={null}
              >
                <div>
                  <Heading>
                    <header
                      className="heading"
                    >
                      <div
                        className="logo"
                      >
                        <Link
                          replace={false}
                          to="/"
                        >
                          <a
                            href="/"
                            onClick={[Function]}
                          >
                            <img
                              alt="Online logo"
                              src="TEST_FILE_STUB"
                            />
                          </a>
                        </Link>
                      </div>
                      <div
                        className="header"
                      >
                        <h1
                          className="text"
                        >
                          Komitésøknadssystemet
                        </h1>
                      </div>
                    </header>
                  </Heading>
                  <main>
                    <Switch>
                      <Route
                        component={[Function]}
                        computedMatch={
                          Object {
                            "isExact": true,
                            "params": Object {},
                            "path": "/",
                            "url": "/",
                          }
                        }
                        exact={true}
                        location={
                          Object {
                            "hash": "",
                            "pathname": "/",
                            "search": "",
                          }
                        }
                        path="/"
                      >
                        <Home
                          history={
                            Object {
                              "action": "POP",
                              "block": [Function],
                              "createHref": [Function],
                              "go": [Function],
                              "goBack": [Function],
                              "goForward": [Function],
                              "listen": [Function],
                              "location": Object {
                                "hash": "",
                                "pathname": "/",
                                "search": "",
                              },
                              "push": [Function],
                              "replace": [Function],
                            }
                          }
                          location={
                            Object {
                              "hash": "",
                              "pathname": "/",
                              "search": "",
                            }
                          }
                          match={
                            Object {
                              "isExact": true,
                              "params": Object {},
                              "path": "/",
                              "url": "/",
                            }
                          }
                          staticContext={Object {}}
                        >
                          <div
                            className="container"
                          >
                            <p
                              className="text"
                            >
                              Online består av komiteer som sammen arbeider for at informatikkstudenter skal få en bedre hverdag. Her kan du lese mer om hva hver enkelt komité gjør samt å sende inn en søknad om intervju.
                            </p>
                            <div
                              className="content"
                            >
                              <CommitteeInfo
                                committee={
                                  Object {
                                    "icon": "SVGMockComponent",
                                    "id": 1,
                                    "info": "Arrangementskomiteen jobber for at informatikkstudentene skal ha sosiale
                                      tilbud gjennom hele året. Vi arrangerer velkjente arrangement som
                                      immatrikuleringsball, blåtur, Åre-tur, kryssfest, filmkvelder og mye
                                      mer! Liker du at andre skal ha det kult? Er du en sosial og sprudlende
                                      person selv? Da er kanskje Arrangementskomitéen stedet for deg!",
                                    "key": "arrkom",
                                    "name": "Arrkom",
                                  }
                                }
                              >
                                <section
                                  className="component"
                                >
                                  <header
                                    className="header"
                                    onClick={[Function]}
                                  >
                                    <SVGMockComponent
                                      className="img"
                                    />
                                    <h2
                                      className="name"
                                    >
                                      Arrkom
                                    </h2>
                                  </header>
                                  <div
                                    className="info"
                                  >
                                    Arrangementskomiteen jobber for at informatikkstudentene skal ha sosiale
                                        tilbud gjennom hele året. Vi arrangerer velkjente arrangement som
                                        immatrikuleringsball, blåtur, Åre-tur, kryssfest, filmkvelder og mye
                                        mer! Liker du at andre skal ha det kult? Er du en sosial og sprudlende
                                        person selv? Da er kanskje Arrangementskomitéen stedet for deg!
                                  </div>
                                </section>
                              </CommitteeInfo>
                              <CommitteeInfo
                                committee={
                                  Object {
                                    "icon": "SVGMockComponent",
                                    "id": 3,
                                    "info": "Bedriftskomiteen er bindeleddet mellom næringslivet og informatikkstudenter,
                                      og skal i tillegg samarbeide med andre linjeforeninger på NTNU for å ivareta informatikkstudentenes interesser.
                                      Som medlem vil du ha flere oppgaver, blant annet, å planlegge og arrangere bedriftspresentasjoner, legge ut annonser på våre nettsider, mm. 
                                      Gjennom bedriftskomiteen vil du opprette en tidlig og god kontakt med næringslivet
                                      og potensielle arbeidsgivere under studietiden, samtidig som du får et
                                      innblikk i hvordan bedrifter rekrutterer studenter.",
                                    "key": "bedkom",
                                    "name": "Bedkom",
                                  }
                                }
                              >
                                <section
                                  className="component"
                                >
                                  <header
                                    className="header"
                                    onClick={[Function]}
                                  >
                                    <SVGMockComponent
                                      className="img"
                                    />
                                    <h2
                                      className="name"
                                    >
                                      Bedkom
                                    </h2>
                                  </header>
                                  <div
                                    className="info"
                                  >
                                    Bedriftskomiteen er bindeleddet mellom næringslivet og informatikkstudenter,
                                        og skal i tillegg samarbeide med andre linjeforeninger på NTNU for å ivareta informatikkstudentenes interesser.
                                        Som medlem vil du ha flere oppgaver, blant annet, å planlegge og arrangere bedriftspresentasjoner, legge ut annonser på våre nettsider, mm. 
                                        Gjennom bedriftskomiteen vil du opprette en tidlig og god kontakt med næringslivet
                                        og potensielle arbeidsgivere under studietiden, samtidig som du får et
                                        innblikk i hvordan bedrifter rekrutterer studenter.
                                  </div>
                                </section>
                              </CommitteeInfo>
                              <CommitteeInfo
                                committee={
                                  Object {
                                    "icon": "SVGMockComponent",
                                    "id": 4,
                                    "info": "Drifts- og utviklingskomiteen har ansvaret for alle linjeforeningens
                                      datasystemer. Vi leverer tjenester som nettside, wiki,
                                      e-postsystemer, filområder og mye annet spennende. I en stor
                                      linjeforening er informasjonsflyt og kvalitet viktig. Drifts- og
                                      utviklingskomiteen prøver hele tiden å lage smarte løsninger som
                                      holder en høy standard, slik som i en bedrift. Er du interessert i
                                      programmering, drifting eller teknologi generelt? Vi kan tilby et
                                      unikt verv i en meget sosial gjeng som driver med IT på høyt nivå.
                                      Ingen forkunnskaper er påkrevd annet enn stor lærevilje!",
                                    "key": "dotkom",
                                    "name": "Dotkom",
                                  }
                                }
                              >
                                <section
                                  className="component"
                                >
                                  <header
                                    className="header"
                                    onClick={[Function]}
                                  >
                                    <SVGMockComponent
                                      className="img"
                                    />
                                    <h2
                                      className="name"
                                    >
                                      Dotkom
                                    </h2>
                                  </header>
                                  <div
                                    className="info"
                                  >
                                    Drifts- og utviklingskomiteen har ansvaret for alle linjeforeningens
                                        datasystemer. Vi leverer tjenester som nettside, wiki,
                                        e-postsystemer, filområder og mye annet spennende. I en stor
                                        linjeforening er informasjonsflyt og kvalitet viktig. Drifts- og
                                        utviklingskomiteen prøver hele tiden å lage smarte løsninger som
                                        holder en høy standard, slik som i en bedrift. Er du interessert i
                                        programmering, drifting eller teknologi generelt? Vi kan tilby et
                                        unikt verv i en meget sosial gjeng som driver med IT på høyt nivå.
                                        Ingen forkunnskaper er påkrevd annet enn stor lærevilje!
                                  </div>
                                </section>
                              </CommitteeInfo>
                              <CommitteeInfo
                                committee={
                                  Object {
                                    "icon": "SVGMockComponent",
                                    "id": 6,
                                    "info": "Fag- og kurskomiteen tilbyr kunnskap om ny og spennende teknologi,
                                      gjennom blant annet kurs og foredrag. Vår jobb er å stimulere
                                      studentenes faglige interesser. Vi oppsøker kompetansen i
                                      næringslivet, og samarbeider tett med bedriftskomiteen for å komme i
                                      kontakt med de aktuelle bedriftene. Som medlem av Fag- og kurskomiteen
                                      vil du få god innsikt i emner utenfor skolen, og samtidig knytte
                                      tettere bånd til din fremtidige arbeidsgiver.",
                                    "key": "fagkom",
                                    "name": "Fagkom",
                                  }
                                }
                              >
                                <section
                                  className="component"
                                >
                                  <header
                                    className="header"
                                    onClick={[Function]}
                                  >
                                    <SVGMockComponent
                                      className="img"
                                    />
                                    <h2
                                      className="name"
                                    >
                                      Fagkom
                                    </h2>
                                  </header>
                                  <div
                                    className="info"
                                  >
                                    Fag- og kurskomiteen tilbyr kunnskap om ny og spennende teknologi,
                                        gjennom blant annet kurs og foredrag. Vår jobb er å stimulere
                                        studentenes faglige interesser. Vi oppsøker kompetansen i
                                        næringslivet, og samarbeider tett med bedriftskomiteen for å komme i
                                        kontakt med de aktuelle bedriftene. Som medlem av Fag- og kurskomiteen
                                        vil du få god innsikt i emner utenfor skolen, og samtidig knytte
                                        tettere bånd til din fremtidige arbeidsgiver.
                                  </div>
                                </section>
                              </CommitteeInfo>
                              <CommitteeInfo
                                committee={
                                  Object {
                                    "icon": "SVGMockComponent",
                                    "id": 7,
                                    "info": "Profil- og aviskomiteen sørger for at Onlines ansikt utad er
                                      profesjonelt og konsistent. Alt profileringsmateriale som klær,
                                      annonser, brev og brosjyrer, plakater, medaljer og andre effekter
                                      lages av oss. Vi har også en redaksjon som er ansvarlig for
                                      linjeforeningens tidsskrift, Offline. Har du en designerspire eller en
                                      skribent i magen? Vi leter etter deg som er interessert i design,
                                      markedsføring, journalisme eller skriving!",
                                    "key": "prokom",
                                    "name": "Prokom",
                                  }
                                }
                              >
                                <section
                                  className="component"
                                >
                                  <header
                                    className="header"
                                    onClick={[Function]}
                                  >
                                    <SVGMockComponent
                                      className="img"
                                    />
                                    <h2
                                      className="name"
                                    >
                                      Prokom
                                    </h2>
                                  </header>
                                  <div
                                    className="info"
                                  >
                                    Profil- og aviskomiteen sørger for at Onlines ansikt utad er
                                        profesjonelt og konsistent. Alt profileringsmateriale som klær,
                                        annonser, brev og brosjyrer, plakater, medaljer og andre effekter
                                        lages av oss. Vi har også en redaksjon som er ansvarlig for
                                        linjeforeningens tidsskrift, Offline. Har du en designerspire eller en
                                        skribent i magen? Vi leter etter deg som er interessert i design,
                                        markedsføring, journalisme eller skriving!
                                  </div>
                                </section>
                              </CommitteeInfo>
                              <CommitteeInfo
                                committee={
                                  Object {
                                    "icon": "SVGMockComponent",
                                    "id": 8,
                                    "info": "Trivselskomiteen har ansvaret for trivsel blant informatikkstudentene.
                                      Dette inkluderer å arrangere flere små arrangementer og hyggelige sammenkomster i løpet av året, og drift av kontoret.
                                      Vi arrangerer frokoster og serievisninger på kontoret, teltturer, juleverksted og andre ting som skaper trivsel.
                                      Vi er også ansvarlig for drift av kontoret, som vil si å sette opp kontorvakter, møter, administrere tilganger og passe på at det er tilstrekkelig med mat, drikke, rekvisitter og lignende.
                                      Så hvis du har en gledesspreder i deg og liker å spre trivsel til dine medstudenter, er trikom komiteen for deg!",
                                    "key": "trikom",
                                    "name": "Trikom",
                                  }
                                }
                              >
                                <section
                                  className="component"
                                >
                                  <header
                                    className="header"
                                    onClick={[Function]}
                                  >
                                    <SVGMockComponent
                                      className="img"
                                    />
                                    <h2
                                      className="name"
                                    >
                                      Trikom
                                    </h2>
                                  </header>
                                  <div
                                    className="info"
                                  >
                                    Trivselskomiteen har ansvaret for trivsel blant informatikkstudentene.
                                        Dette inkluderer å arrangere flere små arrangementer og hyggelige sammenkomster i løpet av året, og drift av kontoret.
                                        Vi arrangerer frokoster og serievisninger på kontoret, teltturer, juleverksted og andre ting som skaper trivsel.
                                        Vi er også ansvarlig for drift av kontoret, som vil si å sette opp kontorvakter, møter, administrere tilganger og passe på at det er tilstrekkelig med mat, drikke, rekvisitter og lignende.
                                        Så hvis du har en gledesspreder i deg og liker å spre trivsel til dine medstudenter, er trikom komiteen for deg!
                                  </div>
                                </section>
                              </CommitteeInfo>
                            </div>
                            <div
                              className="nextLink"
                            >
                              <Link
                                replace={false}
                                to="/application"
                              >
                                <a
                                  href="/application"
                                  onClick={[Function]}
                                >
                                  <Button
                                    text="Gå til søknad"
                                  >
                                    <button
                                      className="button"
                                      onMouseEnter={[Function]}
                                      onMouseLeave={[Function]}
                                    >
                                      <div
                                        className="buttonContent"
                                      >
                                        Gå til søknad
                                      </div>
                                    </button>
                                  </Button>
                                </a>
                              </Link>
                            </div>
                          </div>
                        </Home>
                      </Route>
                    </Switch>
                  </main>
                  <div
                    className="footer"
                  >
                    <p>
                      Dersom du opplever problemer eller finner feil, ta kontakt med 
                      <a
                        href="mailto:dotkom@online.ntnu.no"
                      >
                        dotkom@online.ntnu.no
                      </a>
                      .
                    </p>
                    <p>
                      Får du ikke sendt inn søknaden, eller vil du heller bruke e-post? Send søknaden din til 
                      <a
                        href="mailto:opptak@online.ntnu.no"
                      >
                        opptak@online.ntnu.no
                      </a>
                      .
                    </p>
                  </div>
                </div>
              </AppContainer>
            </Route>
          </Switch>
        </Routes>
      </ConnectedServiceComponent>
    </Router>
  </StaticRouter>
</ServiceProvider>
`;

exports[`Routes component renders correctly 1`] = `
<Switch>
  <Route
    path="/admin"
    render={[Function]}
  />
  <Route
    path="/"
    render={[Function]}
  />
  <Route
    component={[Function]}
  />
</Switch>
`;
