// Jest Snapshot v1, https://goo.gl/fbAQLP

exports[`CommitteeInfo renders correctly 1`] = `
<section
  className="component"
>
  <header
    className="header"
    onClick={[Function]}
  >
    <icon-here
      className="img"
    />
    <h2
      className="name"
    >
      Testkom
    </h2>
  </header>
  <div
    className="info"
  >
    Testkom does stuff
  </div>
</section>
`;

exports[`CommitteeInfo renders correctly after click 1`] = `
<section
  className="component"
>
  <header
    className="header"
    onClick={[Function]}
  >
    <icon-here
      className="img"
    />
    <h2
      className="name"
    >
      Testkom
    </h2>
  </header>
  <div
    className="info"
  >
    Testkom does stuff
  </div>
</section>
`;
