// Jest Snapshot v1, https://goo.gl/fbAQLP

exports[`Heading renders correctly 1`] = `
<header
  className="heading"
>
  <div
    className="logo"
  >
    <Link
      replace={false}
      to="/"
    >
      <img
        alt="Online logo"
        src="TEST_FILE_STUB"
      />
    </Link>
  </div>
  <div
    className="header"
  >
    <h1
      className="text"
    >
      Komitésøknadssystemet
    </h1>
  </div>
</header>
`;
